Archive member included to satisfy reference by file (symbol)

c:/st/stm32cubeide_1.10.1/stm32cubeide/plugins/com.st.stm32cube.ide.mcu.externaltools.gnu-tools-for-stm32.10.3-2021.10.win32_1.0.0.202111181127/tools/bin/../lib/gcc/arm-none-eabi/10.3.1/../../../../arm-none-eabi/lib/thumb/v7e-m+fp/hard\libc_nano.a(lib_a-errno.o)
                              ./Core/Src/syscalls.o (__errno)
c:/st/stm32cubeide_1.10.1/stm32cubeide/plugins/com.st.stm32cube.ide.mcu.externaltools.gnu-tools-for-stm32.10.3-2021.10.win32_1.0.0.202111181127/tools/bin/../lib/gcc/arm-none-eabi/10.3.1/../../../../arm-none-eabi/lib/thumb/v7e-m+fp/hard\libc_nano.a(lib_a-exit.o)
                              c:/st/stm32cubeide_1.10.1/stm32cubeide/plugins/com.st.stm32cube.ide.mcu.externaltools.gnu-tools-for-stm32.10.3-2021.10.win32_1.0.0.202111181127/tools/bin/../lib/gcc/arm-none-eabi/10.3.1/../../../../arm-none-eabi/lib/thumb/v7e-m+fp/hard/crt0.o (exit)
c:/st/stm32cubeide_1.10.1/stm32cubeide/plugins/com.st.stm32cube.ide.mcu.externaltools.gnu-tools-for-stm32.10.3-2021.10.win32_1.0.0.202111181127/tools/bin/../lib/gcc/arm-none-eabi/10.3.1/../../../../arm-none-eabi/lib/thumb/v7e-m+fp/hard\libc_nano.a(lib_a-impure.o)
                              c:/st/stm32cubeide_1.10.1/stm32cubeide/plugins/com.st.stm32cube.ide.mcu.externaltools.gnu-tools-for-stm32.10.3-2021.10.win32_1.0.0.202111181127/tools/bin/../lib/gcc/arm-none-eabi/10.3.1/../../../../arm-none-eabi/lib/thumb/v7e-m+fp/hard\libc_nano.a(lib_a-exit.o) (_global_impure_ptr)
c:/st/stm32cubeide_1.10.1/stm32cubeide/plugins/com.st.stm32cube.ide.mcu.externaltools.gnu-tools-for-stm32.10.3-2021.10.win32_1.0.0.202111181127/tools/bin/../lib/gcc/arm-none-eabi/10.3.1/../../../../arm-none-eabi/lib/thumb/v7e-m+fp/hard\libc_nano.a(lib_a-init.o)
                              c:/st/stm32cubeide_1.10.1/stm32cubeide/plugins/com.st.stm32cube.ide.mcu.externaltools.gnu-tools-for-stm32.10.3-2021.10.win32_1.0.0.202111181127/tools/bin/../lib/gcc/arm-none-eabi/10.3.1/../../../../arm-none-eabi/lib/thumb/v7e-m+fp/hard/crt0.o (__libc_init_array)
c:/st/stm32cubeide_1.10.1/stm32cubeide/plugins/com.st.stm32cube.ide.mcu.externaltools.gnu-tools-for-stm32.10.3-2021.10.win32_1.0.0.202111181127/tools/bin/../lib/gcc/arm-none-eabi/10.3.1/../../../../arm-none-eabi/lib/thumb/v7e-m+fp/hard\libc_nano.a(lib_a-memset.o)
                              c:/st/stm32cubeide_1.10.1/stm32cubeide/plugins/com.st.stm32cube.ide.mcu.externaltools.gnu-tools-for-stm32.10.3-2021.10.win32_1.0.0.202111181127/tools/bin/../lib/gcc/arm-none-eabi/10.3.1/../../../../arm-none-eabi/lib/thumb/v7e-m+fp/hard/crt0.o (memset)
c:/st/stm32cubeide_1.10.1/stm32cubeide/plugins/com.st.stm32cube.ide.mcu.externaltools.gnu-tools-for-stm32.10.3-2021.10.win32_1.0.0.202111181127/tools/bin/../lib/gcc/arm-none-eabi/10.3.1/thumb/v7e-m+fp/hard\libgcc.a(_aeabi_ldivmod.o)
                              ./Drivers/STM32F4xx_HAL_Driver/Src/stm32f4xx_hal_rcc.o (__aeabi_ldivmod)
c:/st/stm32cubeide_1.10.1/stm32cubeide/plugins/com.st.stm32cube.ide.mcu.externaltools.gnu-tools-for-stm32.10.3-2021.10.win32_1.0.0.202111181127/tools/bin/../lib/gcc/arm-none-eabi/10.3.1/thumb/v7e-m+fp/hard\libgcc.a(_aeabi_uldivmod.o)
                              ./Drivers/STM32F4xx_HAL_Driver/Src/stm32f4xx_hal_rcc.o (__aeabi_uldivmod)
c:/st/stm32cubeide_1.10.1/stm32cubeide/plugins/com.st.stm32cube.ide.mcu.externaltools.gnu-tools-for-stm32.10.3-2021.10.win32_1.0.0.202111181127/tools/bin/../lib/gcc/arm-none-eabi/10.3.1/thumb/v7e-m+fp/hard\libgcc.a(_udivmoddi4.o)
                              c:/st/stm32cubeide_1.10.1/stm32cubeide/plugins/com.st.stm32cube.ide.mcu.externaltools.gnu-tools-for-stm32.10.3-2021.10.win32_1.0.0.202111181127/tools/bin/../lib/gcc/arm-none-eabi/10.3.1/thumb/v7e-m+fp/hard\libgcc.a(_aeabi_ldivmod.o) (__udivmoddi4)
c:/st/stm32cubeide_1.10.1/stm32cubeide/plugins/com.st.stm32cube.ide.mcu.externaltools.gnu-tools-for-stm32.10.3-2021.10.win32_1.0.0.202111181127/tools/bin/../lib/gcc/arm-none-eabi/10.3.1/thumb/v7e-m+fp/hard\libgcc.a(_dvmd_tls.o)
                              c:/st/stm32cubeide_1.10.1/stm32cubeide/plugins/com.st.stm32cube.ide.mcu.externaltools.gnu-tools-for-stm32.10.3-2021.10.win32_1.0.0.202111181127/tools/bin/../lib/gcc/arm-none-eabi/10.3.1/thumb/v7e-m+fp/hard\libgcc.a(_aeabi_ldivmod.o) (__aeabi_ldiv0)

Discarded input sections

 .text          0x0000000000000000        0x0 c:/st/stm32cubeide_1.10.1/stm32cubeide/plugins/com.st.stm32cube.ide.mcu.externaltools.gnu-tools-for-stm32.10.3-2021.10.win32_1.0.0.202111181127/tools/bin/../lib/gcc/arm-none-eabi/10.3.1/thumb/v7e-m+fp/hard/crti.o
 .data          0x0000000000000000        0x0 c:/st/stm32cubeide_1.10.1/stm32cubeide/plugins/com.st.stm32cube.ide.mcu.externaltools.gnu-tools-for-stm32.10.3-2021.10.win32_1.0.0.202111181127/tools/bin/../lib/gcc/arm-none-eabi/10.3.1/thumb/v7e-m+fp/hard/crti.o
[...]
Memory Configuration

Name             Origin             Length             Attributes
RAM              0x0000000020000000 0x0000000000020000 xrw
FLASH            0x0000000008000000 0x0000000000080000 xr
*default*        0x0000000000000000 0xffffffffffffffff

Linker script and memory map

LOAD c:/st/stm32cubeide_1.10.1/stm32cubeide/plugins/com.st.stm32cube.ide.mcu.externaltools.gnu-tools-for-stm32.10.3-2021.10.win32_1.0.0.202111181127/tools/bin/../lib/gcc/arm-none-eabi/10.3.1/thumb/v7e-m+fp/hard/crti.o
LOAD c:/st/stm32cubeide_1.10.1/stm32cubeide/plugins/com.st.stm32cube.ide.mcu.externaltools.gnu-tools-for-stm32.10.3-2021.10.win32_1.0.0.202111181127/tools/bin/../lib/gcc/arm-none-eabi/10.3.1/thumb/v7e-m+fp/hard/crtbegin.o
LOAD c:/st/stm32cubeide_1.10.1/stm32cubeide/plugins/com.st.stm32cube.ide.mcu.externaltools.gnu-tools-for-stm32.10.3-2021.10.win32_1.0.0.202111181127/tools/bin/../lib/gcc/arm-none-eabi/10.3.1/../../../../arm-none-eabi/lib/thumb/v7e-m+fp/hard/crt0.o
LOAD ./Core/Src/ILI9341_GFX.o
LOAD ./Core/Src/ILI9341_STM32_Driver.o
LOAD ./Core/Src/fonts.o
LOAD ./Core/Src/main.o
LOAD ./Core/Src/stm32f4xx_hal_msp.o
LOAD ./Core/Src/stm32f4xx_it.o
LOAD ./Core/Src/syscalls.o
LOAD ./Core/Src/sysmem.o
LOAD ./Core/Src/system_stm32f4xx.o
LOAD ./Core/Startup/startup_stm32f411vetx.o
LOAD ./Drivers/STM32F4xx_HAL_Driver/Src/stm32f4xx_hal.o
LOAD ./Drivers/STM32F4xx_HAL_Driver/Src/stm32f4xx_hal_cortex.o
LOAD ./Drivers/STM32F4xx_HAL_Driver/Src/stm32f4xx_hal_dma.o
LOAD ./Drivers/STM32F4xx_HAL_Driver/Src/stm32f4xx_hal_dma_ex.o
LOAD ./Drivers/STM32F4xx_HAL_Driver/Src/stm32f4xx_hal_exti.o
LOAD ./Drivers/STM32F4xx_HAL_Driver/Src/stm32f4xx_hal_flash.o
LOAD ./Drivers/STM32F4xx_HAL_Driver/Src/stm32f4xx_hal_flash_ex.o
LOAD ./Drivers/STM32F4xx_HAL_Driver/Src/stm32f4xx_hal_flash_ramfunc.o
LOAD ./Drivers/STM32F4xx_HAL_Driver/Src/stm32f4xx_hal_gpio.o
LOAD ./Drivers/STM32F4xx_HAL_Driver/Src/stm32f4xx_hal_pwr.o
LOAD ./Drivers/STM32F4xx_HAL_Driver/Src/stm32f4xx_hal_pwr_ex.o
LOAD ./Drivers/STM32F4xx_HAL_Driver/Src/stm32f4xx_hal_rcc.o
LOAD ./Drivers/STM32F4xx_HAL_Driver/Src/stm32f4xx_hal_rcc_ex.o
LOAD ./Drivers/STM32F4xx_HAL_Driver/Src/stm32f4xx_hal_spi.o
LOAD ./Drivers/STM32F4xx_HAL_Driver/Src/stm32f4xx_hal_uart.o
START GROUP
LOAD c:/st/stm32cubeide_1.10.1/stm32cubeide/plugins/com.st.stm32cube.ide.mcu.externaltools.gnu-tools-for-stm32.10.3-2021.10.win32_1.0.0.202111181127/tools/bin/../lib/gcc/arm-none-eabi/10.3.1/../../../../arm-none-eabi/lib/thumb/v7e-m+fp/hard\libc_nano.a
LOAD c:/st/stm32cubeide_1.10.1/stm32cubeide/plugins/com.st.stm32cube.ide.mcu.externaltools.gnu-tools-for-stm32.10.3-2021.10.win32_1.0.0.202111181127/tools/bin/../lib/gcc/arm-none-eabi/10.3.1/../../../../arm-none-eabi/lib/thumb/v7e-m+fp/hard\libm.a
END GROUP
START GROUP
LOAD c:/st/stm32cubeide_1.10.1/stm32cubeide/plugins/com.st.stm32cube.ide.mcu.externaltools.gnu-tools-for-stm32.10.3-2021.10.win32_1.0.0.202111181127/tools/bin/../lib/gcc/arm-none-eabi/10.3.1/thumb/v7e-m+fp/hard\libgcc.a
LOAD c:/st/stm32cubeide_1.10.1/stm32cubeide/plugins/com.st.stm32cube.ide.mcu.externaltools.gnu-tools-for-stm32.10.3-2021.10.win32_1.0.0.202111181127/tools/bin/../lib/gcc/arm-none-eabi/10.3.1/../../../../arm-none-eabi/lib/thumb/v7e-m+fp/hard\libc_nano.a
END GROUP
START GROUP
LOAD c:/st/stm32cubeide_1.10.1/stm32cubeide/plugins/com.st.stm32cube.ide.mcu.externaltools.gnu-tools-for-stm32.10.3-2021.10.win32_1.0.0.202111181127/tools/bin/../lib/gcc/arm-none-eabi/10.3.1/thumb/v7e-m+fp/hard\libgcc.a
LOAD c:/st/stm32cubeide_1.10.1/stm32cubeide/plugins/com.st.stm32cube.ide.mcu.externaltools.gnu-tools-for-stm32.10.3-2021.10.win32_1.0.0.202111181127/tools/bin/../lib/gcc/arm-none-eabi/10.3.1/../../../../arm-none-eabi/lib/thumb/v7e-m+fp/hard\libc_nano.a
LOAD c:/st/stm32cubeide_1.10.1/stm32cubeide/plugins/com.st.stm32cube.ide.mcu.externaltools.gnu-tools-for-stm32.10.3-2021.10.win32_1.0.0.202111181127/tools/bin/../lib/gcc/arm-none-eabi/10.3.1/../../../../arm-none-eabi/lib/thumb/v7e-m+fp/hard\libnosys.a
END GROUP
START GROUP
LOAD c:/st/stm32cubeide_1.10.1/stm32cubeide/plugins/com.st.stm32cube.ide.mcu.externaltools.gnu-tools-for-stm32.10.3-2021.10.win32_1.0.0.202111181127/tools/bin/../lib/gcc/arm-none-eabi/10.3.1/thumb/v7e-m+fp/hard\libgcc.a
LOAD c:/st/stm32cubeide_1.10.1/stm32cubeide/plugins/com.st.stm32cube.ide.mcu.externaltools.gnu-tools-for-stm32.10.3-2021.10.win32_1.0.0.202111181127/tools/bin/../lib/gcc/arm-none-eabi/10.3.1/../../../../arm-none-eabi/lib/thumb/v7e-m+fp/hard\libc_nano.a
LOAD c:/st/stm32cubeide_1.10.1/stm32cubeide/plugins/com.st.stm32cube.ide.mcu.externaltools.gnu-tools-for-stm32.10.3-2021.10.win32_1.0.0.202111181127/tools/bin/../lib/gcc/arm-none-eabi/10.3.1/../../../../arm-none-eabi/lib/thumb/v7e-m+fp/hard\libnosys.a
END GROUP
LOAD c:/st/stm32cubeide_1.10.1/stm32cubeide/plugins/com.st.stm32cube.ide.mcu.externaltools.gnu-tools-for-stm32.10.3-2021.10.win32_1.0.0.202111181127/tools/bin/../lib/gcc/arm-none-eabi/10.3.1/thumb/v7e-m+fp/hard/crtend.o
LOAD c:/st/stm32cubeide_1.10.1/stm32cubeide/plugins/com.st.stm32cube.ide.mcu.externaltools.gnu-tools-for-stm32.10.3-2021.10.win32_1.0.0.202111181127/tools/bin/../lib/gcc/arm-none-eabi/10.3.1/thumb/v7e-m+fp/hard/crtn.o
                0x0000000020020000                _estack = (ORIGIN (RAM) + LENGTH (RAM))
                0x0000000000000200                _Min_Heap_Size = 0x200
                0x0000000000000400                _Min_Stack_Size = 0x400

.isr_vector     0x0000000008000000      0x198
                0x0000000008000000                . = ALIGN (0x4)
 *(.isr_vector)
 .isr_vector    0x0000000008000000      0x198 ./Core/Startup/startup_stm32f411vetx.o
                0x0000000008000000                g_pfnVectors
                0x0000000008000198                . = ALIGN (0x4)

.text           0x0000000008000198     0x2e64
                0x0000000008000198                . = ALIGN (0x4)
 *(.text)
 .text          0x0000000008000198       0x40 c:/st/stm32cubeide_1.10.1/stm32cubeide/plugins/com.st.stm32cube.ide.mcu.externaltools.gnu-tools-for-stm32.10.3-2021.10.win32_1.0.0.202111181127/tools/bin/../lib/gcc/arm-none-eabi/10.3.1/thumb/v7e-m+fp/hard/crtbegin.o
 .text          0x00000000080001d8       0x30 c:/st/stm32cubeide_1.10.1/stm32cubeide/plugins/com.st.stm32cube.ide.mcu.externaltools.gnu-tools-for-stm32.10.3-2021.10.win32_1.0.0.202111181127/tools/bin/../lib/gcc/arm-none-eabi/10.3.1/thumb/v7e-m+fp/hard\libgcc.a(_aeabi_uldivmod.o)
                0x00000000080001d8                __aeabi_uldivmod
 .text          0x0000000008000208      0x2d0 c:/st/stm32cubeide_1.10.1/stm32cubeide/plugins/com.st.stm32cube.ide.mcu.externaltools.gnu-tools-for-stm32.10.3-2021.10.win32_1.0.0.202111181127/tools/bin/../lib/gcc/arm-none-eabi/10.3.1/thumb/v7e-m+fp/hard\libgcc.a(_udivmoddi4.o)
                0x0000000008000208                __udivmoddi4
 .text          0x00000000080004d8        0x4 c:/st/stm32cubeide_1.10.1/stm32cubeide/plugins/com.st.stm32cube.ide.mcu.externaltools.gnu-tools-for-stm32.10.3-2021.10.win32_1.0.0.202111181127/tools/bin/../lib/gcc/arm-none-eabi/10.3.1/thumb/v7e-m+fp/hard\libgcc.a(_dvmd_tls.o)
                0x00000000080004d8                __aeabi_idiv0
                0x00000000080004d8                __aeabi_ldiv0
 *(.text*)
 .text.ILI9341_DrawHollowCircle
                0x00000000080004dc       0xfa ./Core/Src/ILI9341_GFX.o
                0x00000000080004dc                ILI9341_DrawHollowCircle
 .text.ILI9341_DrawChar
                0x00000000080005d6       0x92 ./Core/Src/ILI9341_GFX.o
                0x00000000080005d6                ILI9341_DrawChar
 .text.ILI9341_DrawText
                0x0000000008000668       0x4e ./Core/Src/ILI9341_GFX.o
                0x0000000008000668                ILI9341_DrawText
 *fill*         0x00000000080006b6        0x2 
 .text.ILI9341_SPI_Tx
                0x00000000080006b8       0x28 ./Core/Src/ILI9341_STM32_Driver.o
 .text.HAL_SPI_TxCpltCallback
                0x00000000080006e0       0x1c ./Core/Src/ILI9341_STM32_Driver.o
                0x00000000080006e0                HAL_SPI_TxCpltCallback
 .text.ILI9341_WriteCommand
                0x00000000080006fc       0x28 ./Core/Src/ILI9341_STM32_Driver.o
                0x00000000080006fc                ILI9341_WriteCommand
 .text.ILI9341_WriteData
                0x0000000008000724       0x28 ./Core/Src/ILI9341_STM32_Driver.o
                0x0000000008000724                ILI9341_WriteData
 .text.ILI9341_WriteBuffer
                0x000000000800074c       0x3c ./Core/Src/ILI9341_STM32_Driver.o
                0x000000000800074c                ILI9341_WriteBuffer
 .text.ILI9341_SetAddress
                0x0000000008000788       0x58 ./Core/Src/ILI9341_STM32_Driver.o
                0x0000000008000788                ILI9341_SetAddress
 .text.ILI9341_Reset
                0x00000000080007e0       0x44 ./Core/Src/ILI9341_STM32_Driver.o
                0x00000000080007e0                ILI9341_Reset
 .text.ILI9341_Enable
                0x0000000008000824       0x10 ./Core/Src/ILI9341_STM32_Driver.o
                0x0000000008000824                ILI9341_Enable
 .text.ILI9341_SetRotation
                0x0000000008000834       0x58 ./Core/Src/ILI9341_STM32_Driver.o
                0x0000000008000834                ILI9341_SetRotation
 .text.ILI9341_Init
                0x000000000800088c      0x212 ./Core/Src/ILI9341_STM32_Driver.o
                0x000000000800088c                ILI9341_Init
 *fill*         0x0000000008000a9e        0x2 
 .text.ILI9341_DrawColorBurst
                0x0000000008000aa0       0xa8 ./Core/Src/ILI9341_STM32_Driver.o
                0x0000000008000aa0                ILI9341_DrawColorBurst
 .text.ILI9341_FillScreen
                0x0000000008000b48       0x34 ./Core/Src/ILI9341_STM32_Driver.o
                0x0000000008000b48                ILI9341_FillScreen
 .text.ILI9341_DrawPixel
                0x0000000008000b7c       0x8c ./Core/Src/ILI9341_STM32_Driver.o
                0x0000000008000b7c                ILI9341_DrawPixel
 .text.ILI9341_DrawRectangle
                0x0000000008000c08       0x70 ./Core/Src/ILI9341_STM32_Driver.o
                0x0000000008000c08                ILI9341_DrawRectangle
 .text.ILI9341_DrawHLine
                0x0000000008000c78       0x4c ./Core/Src/ILI9341_STM32_Driver.o
                0x0000000008000c78                ILI9341_DrawHLine
 .text.ILI9341_DrawVLine
                0x0000000008000cc4       0x4c ./Core/Src/ILI9341_STM32_Driver.o
                0x0000000008000cc4                ILI9341_DrawVLine
 .text.fill_matrix
                0x0000000008000d10      0x518 ./Core/Src/main.o
                0x0000000008000d10                fill_matrix
 .text.check_winner
                0x0000000008001228       0x78 ./Core/Src/main.o
                0x0000000008001228                check_winner
 .text.display_winner
                0x00000000080012a0       0x88 ./Core/Src/main.o
                0x00000000080012a0                display_winner
 .text.restart_game
                0x0000000008001328      0x108 ./Core/Src/main.o
                0x0000000008001328                restart_game
 .text.SystemClock_Config
                0x0000000008001430       0x9c ./Core/Src/main.o
                0x0000000008001430                SystemClock_Config
 .text.startup.main
                0x00000000080014cc      0x2cc ./Core/Src/main.o
                0x00000000080014cc                main
 .text.HAL_UART_RxCpltCallback
                0x0000000008001798       0x20 ./Core/Src/main.o
                0x0000000008001798                HAL_UART_RxCpltCallback
 .text.Error_Handler
                0x00000000080017b8        0x4 ./Core/Src/main.o
                0x00000000080017b8                Error_Handler
 .text.HAL_MspInit
                0x00000000080017bc       0x38 ./Core/Src/stm32f4xx_hal_msp.o
                0x00000000080017bc                HAL_MspInit
 .text.HAL_SPI_MspInit
                0x00000000080017f4       0xa4 ./Core/Src/stm32f4xx_hal_msp.o
                0x00000000080017f4                HAL_SPI_MspInit
 .text.HAL_UART_MspInit
                0x0000000008001898       0x7c ./Core/Src/stm32f4xx_hal_msp.o
                0x0000000008001898                HAL_UART_MspInit
 .text.NMI_Handler
                0x0000000008001914        0x2 ./Core/Src/stm32f4xx_it.o
                0x0000000008001914                NMI_Handler
 .text.HardFault_Handler
                0x0000000008001916        0x2 ./Core/Src/stm32f4xx_it.o
                0x0000000008001916                HardFault_Handler
 .text.MemManage_Handler
                0x0000000008001918        0x2 ./Core/Src/stm32f4xx_it.o
                0x0000000008001918                MemManage_Handler
 .text.BusFault_Handler
                0x000000000800191a        0x2 ./Core/Src/stm32f4xx_it.o
                0x000000000800191a                BusFault_Handler
 .text.UsageFault_Handler
                0x000000000800191c        0x2 ./Core/Src/stm32f4xx_it.o
                0x000000000800191c                UsageFault_Handler
 .text.SVC_Handler
                0x000000000800191e        0x2 ./Core/Src/stm32f4xx_it.o
                0x000000000800191e                SVC_Handler
 .text.DebugMon_Handler
                0x0000000008001920        0x2 ./Core/Src/stm32f4xx_it.o
                0x0000000008001920                DebugMon_Handler
 .text.PendSV_Handler
                0x0000000008001922        0x2 ./Core/Src/stm32f4xx_it.o
                0x0000000008001922                PendSV_Handler
 .text.SysTick_Handler
                0x0000000008001924        0x4 ./Core/Src/stm32f4xx_it.o
                0x0000000008001924                SysTick_Handler
 .text.USART2_IRQHandler
                0x0000000008001928        0xc ./Core/Src/stm32f4xx_it.o
                0x0000000008001928                USART2_IRQHandler
 .text.DMA2_Stream2_IRQHandler
                0x0000000008001934        0xc ./Core/Src/stm32f4xx_it.o
                0x0000000008001934                DMA2_Stream2_IRQHandler
 .text.SystemInit
                0x0000000008001940       0x14 ./Core/Src/system_stm32f4xx.o
                0x0000000008001940                SystemInit
 .text.Reset_Handler
                0x0000000008001954       0x50 ./Core/Startup/startup_stm32f411vetx.o
                0x0000000008001954                Reset_Handler
 .text.Default_Handler
                0x00000000080019a4        0x2 ./Core/Startup/startup_stm32f411vetx.o
                0x00000000080019a4                RTC_Alarm_IRQHandler
                0x00000000080019a4                EXTI2_IRQHandler
                0x00000000080019a4                SPI4_IRQHandler
                0x00000000080019a4                TIM1_CC_IRQHandler
                0x00000000080019a4                DMA2_Stream5_IRQHandler
                0x00000000080019a4                DMA1_Stream5_IRQHandler
                0x00000000080019a4                PVD_IRQHandler
                0x00000000080019a4                SDIO_IRQHandler
                0x00000000080019a4                TAMP_STAMP_IRQHandler
                0x00000000080019a4                EXTI3_IRQHandler
                0x00000000080019a4                TIM1_UP_TIM10_IRQHandler
                0x00000000080019a4                I2C3_ER_IRQHandler
                0x00000000080019a4                EXTI0_IRQHandler
                0x00000000080019a4                I2C2_EV_IRQHandler
                0x00000000080019a4                DMA1_Stream2_IRQHandler
                0x00000000080019a4                FPU_IRQHandler
                0x00000000080019a4                SPI1_IRQHandler
                0x00000000080019a4                TIM1_BRK_TIM9_IRQHandler
                0x00000000080019a4                DMA2_Stream3_IRQHandler
                0x00000000080019a4                USART6_IRQHandler
                0x00000000080019a4                DMA2_Stream0_IRQHandler
                0x00000000080019a4                TIM4_IRQHandler
                0x00000000080019a4                I2C1_EV_IRQHandler
                0x00000000080019a4                DMA1_Stream6_IRQHandler
                0x00000000080019a4                DMA1_Stream1_IRQHandler
                0x00000000080019a4                TIM3_IRQHandler
                0x00000000080019a4                RCC_IRQHandler
                0x00000000080019a4                Default_Handler
                0x00000000080019a4                EXTI15_10_IRQHandler
                0x00000000080019a4                ADC_IRQHandler
                0x00000000080019a4                DMA1_Stream7_IRQHandler
                0x00000000080019a4                SPI5_IRQHandler
                0x00000000080019a4                TIM5_IRQHandler
                0x00000000080019a4                DMA2_Stream7_IRQHandler
                0x00000000080019a4                I2C3_EV_IRQHandler
                0x00000000080019a4                EXTI9_5_IRQHandler
                0x00000000080019a4                RTC_WKUP_IRQHandler
                0x00000000080019a4                SPI2_IRQHandler
                0x00000000080019a4                DMA1_Stream0_IRQHandler
                0x00000000080019a4                EXTI4_IRQHandler
                0x00000000080019a4                WWDG_IRQHandler
                0x00000000080019a4                TIM2_IRQHandler
                0x00000000080019a4                OTG_FS_WKUP_IRQHandler
                0x00000000080019a4                TIM1_TRG_COM_TIM11_IRQHandler
                0x00000000080019a4                EXTI1_IRQHandler
                0x00000000080019a4                I2C2_ER_IRQHandler
                0x00000000080019a4                DMA2_Stream1_IRQHandler
                0x00000000080019a4                FLASH_IRQHandler
                0x00000000080019a4                DMA2_Stream4_IRQHandler
                0x00000000080019a4                USART1_IRQHandler
                0x00000000080019a4                OTG_FS_IRQHandler
                0x00000000080019a4                SPI3_IRQHandler
                0x00000000080019a4                DMA1_Stream4_IRQHandler
                0x00000000080019a4                I2C1_ER_IRQHandler
                0x00000000080019a4                DMA2_Stream6_IRQHandler
                0x00000000080019a4                DMA1_Stream3_IRQHandler
 *fill*         0x00000000080019a6        0x2 
 .text.HAL_InitTick
                0x00000000080019a8       0x48 ./Drivers/STM32F4xx_HAL_Driver/Src/stm32f4xx_hal.o
                0x00000000080019a8                HAL_InitTick
 .text.HAL_Init
                0x00000000080019f0       0x34 ./Drivers/STM32F4xx_HAL_Driver/Src/stm32f4xx_hal.o
                0x00000000080019f0                HAL_Init
 .text.HAL_IncTick
                0x0000000008001a24       0x18 ./Drivers/STM32F4xx_HAL_Driver/Src/stm32f4xx_hal.o
                0x0000000008001a24                HAL_IncTick
 .text.HAL_GetTick
                0x0000000008001a3c        0xc ./Drivers/STM32F4xx_HAL_Driver/Src/stm32f4xx_hal.o
                0x0000000008001a3c                HAL_GetTick
 .text.HAL_Delay
                0x0000000008001a48       0x28 ./Drivers/STM32F4xx_HAL_Driver/Src/stm32f4xx_hal.o
                0x0000000008001a48                HAL_Delay
 .text.HAL_NVIC_SetPriorityGrouping
                0x0000000008001a70       0x24 ./Drivers/STM32F4xx_HAL_Driver/Src/stm32f4xx_hal_cortex.o
                0x0000000008001a70                HAL_NVIC_SetPriorityGrouping
 .text.HAL_NVIC_SetPriority
                0x0000000008001a94       0x64 ./Drivers/STM32F4xx_HAL_Driver/Src/stm32f4xx_hal_cortex.o
                0x0000000008001a94                HAL_NVIC_SetPriority
 .text.HAL_NVIC_EnableIRQ
                0x0000000008001af8       0x1c ./Drivers/STM32F4xx_HAL_Driver/Src/stm32f4xx_hal_cortex.o
                0x0000000008001af8                HAL_NVIC_EnableIRQ
 .text.HAL_SYSTICK_Config
                0x0000000008001b14       0x28 ./Drivers/STM32F4xx_HAL_Driver/Src/stm32f4xx_hal_cortex.o
                0x0000000008001b14                HAL_SYSTICK_Config
 .text.DMA_CalcBaseAndBitshift
                0x0000000008001b3c       0x2c ./Drivers/STM32F4xx_HAL_Driver/Src/stm32f4xx_hal_dma.o
 .text.HAL_DMA_Init
                0x0000000008001b68      0x100 ./Drivers/STM32F4xx_HAL_Driver/Src/stm32f4xx_hal_dma.o
                0x0000000008001b68                HAL_DMA_Init
 .text.HAL_DMA_Start_IT
                0x0000000008001c68       0x74 ./Drivers/STM32F4xx_HAL_Driver/Src/stm32f4xx_hal_dma.o
                0x0000000008001c68                HAL_DMA_Start_IT
 .text.HAL_DMA_Abort
                0x0000000008001cdc       0x88 ./Drivers/STM32F4xx_HAL_Driver/Src/stm32f4xx_hal_dma.o
                0x0000000008001cdc                HAL_DMA_Abort
 .text.HAL_DMA_Abort_IT
                0x0000000008001d64       0x24 ./Drivers/STM32F4xx_HAL_Driver/Src/stm32f4xx_hal_dma.o
                0x0000000008001d64                HAL_DMA_Abort_IT
 .text.HAL_DMA_IRQHandler
                0x0000000008001d88      0x17c ./Drivers/STM32F4xx_HAL_Driver/Src/stm32f4xx_hal_dma.o
                0x0000000008001d88                HAL_DMA_IRQHandler
 .text.HAL_GPIO_Init
                0x0000000008001f04      0x190 ./Drivers/STM32F4xx_HAL_Driver/Src/stm32f4xx_hal_gpio.o
                0x0000000008001f04                HAL_GPIO_Init
 .text.HAL_GPIO_WritePin
                0x0000000008002094        0xa ./Drivers/STM32F4xx_HAL_Driver/Src/stm32f4xx_hal_gpio.o
                0x0000000008002094                HAL_GPIO_WritePin
 *fill*         0x000000000800209e        0x2 
 .text.HAL_RCC_OscConfig
                0x00000000080020a0      0x360 ./Drivers/STM32F4xx_HAL_Driver/Src/stm32f4xx_hal_rcc.o
                0x00000000080020a0                HAL_RCC_OscConfig
 .text.HAL_RCC_GetSysClockFreq
                0x0000000008002400       0x5c ./Drivers/STM32F4xx_HAL_Driver/Src/stm32f4xx_hal_rcc.o
                0x0000000008002400                HAL_RCC_GetSysClockFreq
 .text.HAL_RCC_ClockConfig
                0x000000000800245c      0x138 ./Drivers/STM32F4xx_HAL_Driver/Src/stm32f4xx_hal_rcc.o
                0x000000000800245c                HAL_RCC_ClockConfig
 .text.HAL_RCC_GetPCLK1Freq
                0x0000000008002594       0x20 ./Drivers/STM32F4xx_HAL_Driver/Src/stm32f4xx_hal_rcc.o
                0x0000000008002594                HAL_RCC_GetPCLK1Freq
 .text.HAL_RCC_GetPCLK2Freq
                0x00000000080025b4       0x20 ./Drivers/STM32F4xx_HAL_Driver/Src/stm32f4xx_hal_rcc.o
                0x00000000080025b4                HAL_RCC_GetPCLK2Freq
 .text.SPI_WaitFlagStateUntilTimeout.constprop.0
                0x00000000080025d4       0xa8 ./Drivers/STM32F4xx_HAL_Driver/Src/stm32f4xx_hal_spi.o
 .text.SPI_EndRxTxTransaction
                0x000000000800267c       0x58 ./Drivers/STM32F4xx_HAL_Driver/Src/stm32f4xx_hal_spi.o
 .text.HAL_SPI_Init
                0x00000000080026d4       0xb8 ./Drivers/STM32F4xx_HAL_Driver/Src/stm32f4xx_hal_spi.o
                0x00000000080026d4                HAL_SPI_Init
 .text.HAL_SPI_Transmit
                0x000000000800278c      0x15c ./Drivers/STM32F4xx_HAL_Driver/Src/stm32f4xx_hal_spi.o
                0x000000000800278c                HAL_SPI_Transmit
 .text.HAL_SPI_Transmit_DMA
                0x00000000080028e8       0xc8 ./Drivers/STM32F4xx_HAL_Driver/Src/stm32f4xx_hal_spi.o
                0x00000000080028e8                HAL_SPI_Transmit_DMA
 .text.HAL_SPI_TxHalfCpltCallback
                0x00000000080029b0        0x2 ./Drivers/STM32F4xx_HAL_Driver/Src/stm32f4xx_hal_spi.o
                0x00000000080029b0                HAL_SPI_TxHalfCpltCallback
 .text.SPI_DMAHalfTransmitCplt
                0x00000000080029b2        0xa ./Drivers/STM32F4xx_HAL_Driver/Src/stm32f4xx_hal_spi.o
 .text.HAL_SPI_ErrorCallback
                0x00000000080029bc        0x2 ./Drivers/STM32F4xx_HAL_Driver/Src/stm32f4xx_hal_spi.o
                0x00000000080029bc                HAL_SPI_ErrorCallback
 .text.SPI_DMAError
                0x00000000080029be       0x22 ./Drivers/STM32F4xx_HAL_Driver/Src/stm32f4xx_hal_spi.o
 .text.SPI_DMATransmitCplt
                0x00000000080029e0       0x6a ./Drivers/STM32F4xx_HAL_Driver/Src/stm32f4xx_hal_spi.o
 .text.UART_EndRxTransfer
                0x0000000008002a4a       0x5c ./Drivers/STM32F4xx_HAL_Driver/Src/stm32f4xx_hal_uart.o
 *fill*         0x0000000008002aa6        0x2 
 .text.UART_SetConfig
                0x0000000008002aa8       0xbc ./Drivers/STM32F4xx_HAL_Driver/Src/stm32f4xx_hal_uart.o
 .text.HAL_UART_Init
                0x0000000008002b64       0x5c ./Drivers/STM32F4xx_HAL_Driver/Src/stm32f4xx_hal_uart.o
                0x0000000008002b64                HAL_UART_Init
 .text.HAL_UART_TxCpltCallback
                0x0000000008002bc0        0x2 ./Drivers/STM32F4xx_HAL_Driver/Src/stm32f4xx_hal_uart.o
                0x0000000008002bc0                HAL_UART_TxCpltCallback
 .text.HAL_UART_ErrorCallback
                0x0000000008002bc2        0x2 ./Drivers/STM32F4xx_HAL_Driver/Src/stm32f4xx_hal_uart.o
                0x0000000008002bc2                HAL_UART_ErrorCallback
 .text.UART_DMAAbortOnError
                0x0000000008002bc4       0x10 ./Drivers/STM32F4xx_HAL_Driver/Src/stm32f4xx_hal_uart.o
 .text.HAL_UARTEx_RxEventCallback
                0x0000000008002bd4        0x2 ./Drivers/STM32F4xx_HAL_Driver/Src/stm32f4xx_hal_uart.o
                0x0000000008002bd4                HAL_UARTEx_RxEventCallback
 .text.UART_Receive_IT.part.0.isra.0
                0x0000000008002bd6       0xac ./Drivers/STM32F4xx_HAL_Driver/Src/stm32f4xx_hal_uart.o
 *fill*         0x0000000008002c82        0x2 
 .text.HAL_UART_IRQHandler
                0x0000000008002c84      0x2a0 ./Drivers/STM32F4xx_HAL_Driver/Src/stm32f4xx_hal_uart.o
                0x0000000008002c84                HAL_UART_IRQHandler
 .text.UART_Start_Receive_IT
                0x0000000008002f24       0x36 ./Drivers/STM32F4xx_HAL_Driver/Src/stm32f4xx_hal_uart.o
                0x0000000008002f24                UART_Start_Receive_IT
 .text.HAL_UART_Receive_IT
                0x0000000008002f5a       0x30 ./Drivers/STM32F4xx_HAL_Driver/Src/stm32f4xx_hal_uart.o
                0x0000000008002f5a                HAL_UART_Receive_IT
 *fill*         0x0000000008002f8a        0x2 
 .text.__libc_init_array
                0x0000000008002f8c       0x48 c:/st/stm32cubeide_1.10.1/stm32cubeide/plugins/com.st.stm32cube.ide.mcu.externaltools.gnu-tools-for-stm32.10.3-2021.10.win32_1.0.0.202111181127/tools/bin/../lib/gcc/arm-none-eabi/10.3.1/../../../../arm-none-eabi/lib/thumb/v7e-m+fp/hard\libc_nano.a(lib_a-init.o)
                0x0000000008002f8c                __libc_init_array
 .text.memset   0x0000000008002fd4       0x10 c:/st/stm32cubeide_1.10.1/stm32cubeide/plugins/com.st.stm32cube.ide.mcu.externaltools.gnu-tools-for-stm32.10.3-2021.10.win32_1.0.0.202111181127/tools/bin/../lib/gcc/arm-none-eabi/10.3.1/../../../../arm-none-eabi/lib/thumb/v7e-m+fp/hard\libc_nano.a(lib_a-memset.o)
                0x0000000008002fd4                memset
 *(.glue_7)
 .glue_7        0x0000000008002fe4        0x0 linker stubs
 *(.glue_7t)
 .glue_7t       0x0000000008002fe4        0x0 linker stubs
 *(.eh_frame)
 .eh_frame      0x0000000008002fe4        0x0 c:/st/stm32cubeide_1.10.1/stm32cubeide/plugins/com.st.stm32cube.ide.mcu.externaltools.gnu-tools-for-stm32.10.3-2021.10.win32_1.0.0.202111181127/tools/bin/../lib/gcc/arm-none-eabi/10.3.1/thumb/v7e-m+fp/hard/crtbegin.o
 *(.init)
 .init          0x0000000008002fe4        0x4 c:/st/stm32cubeide_1.10.1/stm32cubeide/plugins/com.st.stm32cube.ide.mcu.externaltools.gnu-tools-for-stm32.10.3-2021.10.win32_1.0.0.202111181127/tools/bin/../lib/gcc/arm-none-eabi/10.3.1/thumb/v7e-m+fp/hard/crti.o
                0x0000000008002fe4                _init
 .init          0x0000000008002fe8        0x8 c:/st/stm32cubeide_1.10.1/stm32cubeide/plugins/com.st.stm32cube.ide.mcu.externaltools.gnu-tools-for-stm32.10.3-2021.10.win32_1.0.0.202111181127/tools/bin/../lib/gcc/arm-none-eabi/10.3.1/thumb/v7e-m+fp/hard/crtn.o
 *(.fini)
 .fini          0x0000000008002ff0        0x4 c:/st/stm32cubeide_1.10.1/stm32cubeide/plugins/com.st.stm32cube.ide.mcu.externaltools.gnu-tools-for-stm32.10.3-2021.10.win32_1.0.0.202111181127/tools/bin/../lib/gcc/arm-none-eabi/10.3.1/thumb/v7e-m+fp/hard/crti.o
                0x0000000008002ff0                _fini
 .fini          0x0000000008002ff4        0x8 c:/st/stm32cubeide_1.10.1/stm32cubeide/plugins/com.st.stm32cube.ide.mcu.externaltools.gnu-tools-for-stm32.10.3-2021.10.win32_1.0.0.202111181127/tools/bin/../lib/gcc/arm-none-eabi/10.3.1/thumb/v7e-m+fp/hard/crtn.o
                0x0000000008002ffc                . = ALIGN (0x4)
                0x0000000008002ffc                _etext = .

.vfp11_veneer   0x0000000008002ffc        0x0
 .vfp11_veneer  0x0000000008002ffc        0x0 linker stubs

.v4_bx          0x0000000008002ffc        0x0
 .v4_bx         0x0000000008002ffc        0x0 linker stubs

.iplt           0x0000000008002ffc        0x0
 .iplt          0x0000000008002ffc        0x0 c:/st/stm32cubeide_1.10.1/stm32cubeide/plugins/com.st.stm32cube.ide.mcu.externaltools.gnu-tools-for-stm32.10.3-2021.10.win32_1.0.0.202111181127/tools/bin/../lib/gcc/arm-none-eabi/10.3.1/thumb/v7e-m+fp/hard/crtbegin.o

.rodata         0x0000000008002ffc     0x11dc
                0x0000000008002ffc                . = ALIGN (0x4)
 *(.rodata)
 *(.rodata*)
 .rodata.Arial_Narrow15x19
                0x0000000008002ffc     0x1144 ./Core/Src/fonts.o
                0x0000000008002ffc                Arial_Narrow15x19
 .rodata.display_winner.str1.1
                0x0000000008004140       0x26 ./Core/Src/main.o
 .rodata.restart_game.str1.1
                0x0000000008004166       0x14 ./Core/Src/main.o
 .rodata.main.str1.1
                0x000000000800417a       0x3c ./Core/Src/main.o
 .rodata.AHBPrescTable
                0x00000000080041b6       0x10 ./Core/Src/system_stm32f4xx.o
                0x00000000080041b6                AHBPrescTable
 .rodata.APBPrescTable
                0x00000000080041c6        0x8 ./Core/Src/system_stm32f4xx.o
                0x00000000080041c6                APBPrescTable
 .rodata.flagBitshiftOffset.0
                0x00000000080041ce        0x8 ./Drivers/STM32F4xx_HAL_Driver/Src/stm32f4xx_hal_dma.o
                0x00000000080041d8                . = ALIGN (0x4)
 *fill*         0x00000000080041d6        0x2 

.ARM.extab      0x00000000080041d8        0x0
                0x00000000080041d8                . = ALIGN (0x4)
 *(.ARM.extab* .gnu.linkonce.armextab.*)
                0x00000000080041d8                . = ALIGN (0x4)

.ARM            0x00000000080041d8        0x8
                0x00000000080041d8                . = ALIGN (0x4)
                0x00000000080041d8                __exidx_start = .
 *(.ARM.exidx*)
 .ARM.exidx     0x00000000080041d8        0x8 c:/st/stm32cubeide_1.10.1/stm32cubeide/plugins/com.st.stm32cube.ide.mcu.externaltools.gnu-tools-for-stm32.10.3-2021.10.win32_1.0.0.202111181127/tools/bin/../lib/gcc/arm-none-eabi/10.3.1/thumb/v7e-m+fp/hard\libgcc.a(_udivmoddi4.o)
                0x00000000080041e0                __exidx_end = .
                0x00000000080041e0                . = ALIGN (0x4)

.rel.dyn        0x00000000080041e0        0x0
 .rel.iplt      0x00000000080041e0        0x0 c:/st/stm32cubeide_1.10.1/stm32cubeide/plugins/com.st.stm32cube.ide.mcu.externaltools.gnu-tools-for-stm32.10.3-2021.10.win32_1.0.0.202111181127/tools/bin/../lib/gcc/arm-none-eabi/10.3.1/thumb/v7e-m+fp/hard/crtbegin.o

.preinit_array  0x00000000080041e0        0x0
                0x00000000080041e0                . = ALIGN (0x4)
                0x00000000080041e0                PROVIDE (__preinit_array_start = .)
 *(.preinit_array*)
                0x00000000080041e0                PROVIDE (__preinit_array_end = .)
                0x00000000080041e0                . = ALIGN (0x4)

.init_array     0x00000000080041e0        0x4
                0x00000000080041e0                . = ALIGN (0x4)
                0x00000000080041e0                PROVIDE (__init_array_start = .)
 *(SORT_BY_NAME(.init_array.*))
 *(.init_array*)
 .init_array    0x00000000080041e0        0x4 c:/st/stm32cubeide_1.10.1/stm32cubeide/plugins/com.st.stm32cube.ide.mcu.externaltools.gnu-tools-for-stm32.10.3-2021.10.win32_1.0.0.202111181127/tools/bin/../lib/gcc/arm-none-eabi/10.3.1/thumb/v7e-m+fp/hard/crtbegin.o
                0x00000000080041e4                PROVIDE (__init_array_end = .)
                0x00000000080041e4                . = ALIGN (0x4)

.fini_array     0x00000000080041e4        0x4
                0x00000000080041e4                . = ALIGN (0x4)
                [!provide]                        PROVIDE (__fini_array_start = .)
 *(SORT_BY_NAME(.fini_array.*))
 *(.fini_array*)
 .fini_array    0x00000000080041e4        0x4 c:/st/stm32cubeide_1.10.1/stm32cubeide/plugins/com.st.stm32cube.ide.mcu.externaltools.gnu-tools-for-stm32.10.3-2021.10.win32_1.0.0.202111181127/tools/bin/../lib/gcc/arm-none-eabi/10.3.1/thumb/v7e-m+fp/hard/crtbegin.o
                [!provide]                        PROVIDE (__fini_array_end = .)
                0x00000000080041e8                . = ALIGN (0x4)
                0x00000000080041e8                _sidata = LOADADDR (.data)

.data           0x0000000020000000       0x1c load address 0x00000000080041e8
                0x0000000020000000                . = ALIGN (0x4)
                0x0000000020000000                _sdata = .
 *(.data)
 *(.data*)
 .data.LCD_HEIGHT
                0x0000000020000000        0x2 ./Core/Src/ILI9341_STM32_Driver.o
                0x0000000020000000                LCD_HEIGHT
 .data.LCD_WIDTH
                0x0000000020000002        0x2 ./Core/Src/ILI9341_STM32_Driver.o
                0x0000000020000002                LCD_WIDTH
 .data.board    0x0000000020000004        0x9 ./Core/Src/main.o
                0x0000000020000004                board
 .data.oflag    0x000000002000000d        0x1 ./Core/Src/main.o
                0x000000002000000d                oflag
 .data.xflag    0x000000002000000e        0x1 ./Core/Src/main.o
                0x000000002000000e                xflag
 *fill*         0x000000002000000f        0x1 
 .data.SystemCoreClock
                0x0000000020000010        0x4 ./Core/Src/system_stm32f4xx.o
                0x0000000020000010                SystemCoreClock
 .data.uwTickFreq
                0x0000000020000014        0x1 ./Drivers/STM32F4xx_HAL_Driver/Src/stm32f4xx_hal.o
                0x0000000020000014                uwTickFreq
 *fill*         0x0000000020000015        0x3 
 .data.uwTickPrio
                0x0000000020000018        0x4 ./Drivers/STM32F4xx_HAL_Driver/Src/stm32f4xx_hal.o
                0x0000000020000018                uwTickPrio
 *(.RamFunc)
 *(.RamFunc*)
                0x000000002000001c                . = ALIGN (0x4)
                0x000000002000001c                _edata = .

.igot.plt       0x000000002000001c        0x0 load address 0x0000000008004204
 .igot.plt      0x000000002000001c        0x0 c:/st/stm32cubeide_1.10.1/stm32cubeide/plugins/com.st.stm32cube.ide.mcu.externaltools.gnu-tools-for-stm32.10.3-2021.10.win32_1.0.0.202111181127/tools/bin/../lib/gcc/arm-none-eabi/10.3.1/thumb/v7e-m+fp/hard/crtbegin.o
                0x000000002000001c                . = ALIGN (0x4)

.bss            0x000000002000001c      0x130 load address 0x0000000008004204
                0x000000002000001c                _sbss = .
                0x000000002000001c                __bss_start__ = _sbss
 *(.bss)
 .bss           0x000000002000001c       0x1c c:/st/stm32cubeide_1.10.1/stm32cubeide/plugins/com.st.stm32cube.ide.mcu.externaltools.gnu-tools-for-stm32.10.3-2021.10.win32_1.0.0.202111181127/tools/bin/../lib/gcc/arm-none-eabi/10.3.1/thumb/v7e-m+fp/hard/crtbegin.o
 *(.bss*)
 .bss.RX_BUFFER
                0x0000000020000038        0x1 ./Core/Src/main.o
                0x0000000020000038                RX_BUFFER
 *fill*         0x0000000020000039        0x3 
 .bss.count     0x000000002000003c        0x4 ./Core/Src/main.o
                0x000000002000003c                count
 .bss.hdma_spi1_tx
                0x0000000020000040       0x60 ./Core/Src/main.o
                0x0000000020000040                hdma_spi1_tx
 .bss.hspi1     0x00000000200000a0       0x58 ./Core/Src/main.o
                0x00000000200000a0                hspi1
 .bss.huart2    0x00000000200000f8       0x44 ./Core/Src/main.o
                0x00000000200000f8                huart2
 .bss.pos_00    0x000000002000013c        0x1 ./Core/Src/main.o
                0x000000002000013c                pos_00
 .bss.pos_01    0x000000002000013d        0x1 ./Core/Src/main.o
                0x000000002000013d                pos_01
 .bss.pos_02    0x000000002000013e        0x1 ./Core/Src/main.o
                0x000000002000013e                pos_02
 .bss.pos_10    0x000000002000013f        0x1 ./Core/Src/main.o
                0x000000002000013f                pos_10
 .bss.pos_11    0x0000000020000140        0x1 ./Core/Src/main.o
                0x0000000020000140                pos_11
 .bss.pos_12    0x0000000020000141        0x1 ./Core/Src/main.o
                0x0000000020000141                pos_12
 .bss.pos_20    0x0000000020000142        0x1 ./Core/Src/main.o
                0x0000000020000142                pos_20
 .bss.pos_21    0x0000000020000143        0x1 ./Core/Src/main.o
                0x0000000020000143                pos_21
 .bss.pos_22    0x0000000020000144        0x1 ./Core/Src/main.o
                0x0000000020000144                pos_22
 .bss.track_pos
                0x0000000020000145        0x1 ./Core/Src/main.o
                0x0000000020000145                track_pos
 *fill*         0x0000000020000146        0x2 
 .bss.uwTick    0x0000000020000148        0x4 ./Drivers/STM32F4xx_HAL_Driver/Src/stm32f4xx_hal.o
                0x0000000020000148                uwTick
 *(COMMON)
                0x000000002000014c                . = ALIGN (0x4)
                0x000000002000014c                _ebss = .
                0x000000002000014c                __bss_end__ = _ebss

._user_heap_stack
                0x000000002000014c      0x604 load address 0x0000000008004204
                0x0000000020000150                . = ALIGN (0x8)
 *fill*         0x000000002000014c        0x4 
                [!provide]                        PROVIDE (end = .)
                0x0000000020000150                PROVIDE (_end = .)
                0x0000000020000350                . = (. + _Min_Heap_Size)
 *fill*         0x0000000020000150      0x200 
                0x0000000020000750                . = (. + _Min_Stack_Size)
 *fill*         0x0000000020000350      0x400 
                0x0000000020000750                . = ALIGN (0x8)

/DISCARD/
 libc.a(*)
 libm.a(*)
 libgcc.a(*)

.ARM.attributes
                0x0000000000000000       0x30
 *(.ARM.attributes)
 .ARM.attributes
                0x0000000000000000       0x1e c:/st/stm32cubeide_1.10.1/stm32cubeide/plugins/com.st.stm32cube.ide.mcu.externaltools.gnu-tools-for-stm32.10.3-2021.10.win32_1.0.0.202111181127/tools/bin/../lib/gcc/arm-none-eabi/10.3.1/thumb/v7e-m+fp/hard/crti.o
 .ARM.attributes
                0x000000000000001e       0x34 c:/st/stm32cubeide_1.10.1/stm32cubeide/plugins/com.st.stm32cube.ide.mcu.externaltools.gnu-tools-for-stm32.10.3-2021.10.win32_1.0.0.202111181127/tools/bin/../lib/gcc/arm-none-eabi/10.3.1/thumb/v7e-m+fp/hard/crtbegin.o
 .ARM.attributes
                0x0000000000000052       0x34 ./Core/Src/ILI9341_GFX.o
 .ARM.attributes
                0x0000000000000086       0x34 ./Core/Src/ILI9341_STM32_Driver.o
 .ARM.attributes
                0x00000000000000ba       0x34 ./Core/Src/fonts.o
 .ARM.attributes
                0x00000000000000ee       0x34 ./Core/Src/main.o
 .ARM.attributes
                0x0000000000000122       0x34 ./Core/Src/stm32f4xx_hal_msp.o
 .ARM.attributes
                0x0000000000000156       0x34 ./Core/Src/stm32f4xx_it.o
 .ARM.attributes
                0x000000000000018a       0x34 ./Core/Src/system_stm32f4xx.o
 .ARM.attributes
                0x00000000000001be       0x21 ./Core/Startup/startup_stm32f411vetx.o
 .ARM.attributes
                0x00000000000001df       0x34 ./Drivers/STM32F4xx_HAL_Driver/Src/stm32f4xx_hal.o
 .ARM.attributes
                0x0000000000000213       0x34 ./Drivers/STM32F4xx_HAL_Driver/Src/stm32f4xx_hal_cortex.o
 .ARM.attributes
                0x0000000000000247       0x34 ./Drivers/STM32F4xx_HAL_Driver/Src/stm32f4xx_hal_dma.o
 .ARM.attributes
                0x000000000000027b       0x34 ./Drivers/STM32F4xx_HAL_Driver/Src/stm32f4xx_hal_gpio.o
 .ARM.attributes
                0x00000000000002af       0x34 ./Drivers/STM32F4xx_HAL_Driver/Src/stm32f4xx_hal_rcc.o
 .ARM.attributes
                0x00000000000002e3       0x34 ./Drivers/STM32F4xx_HAL_Driver/Src/stm32f4xx_hal_spi.o
 .ARM.attributes
                0x0000000000000317       0x34 ./Drivers/STM32F4xx_HAL_Driver/Src/stm32f4xx_hal_uart.o
 .ARM.attributes
                0x000000000000034b       0x34 c:/st/stm32cubeide_1.10.1/stm32cubeide/plugins/com.st.stm32cube.ide.mcu.externaltools.gnu-tools-for-stm32.10.3-2021.10.win32_1.0.0.202111181127/tools/bin/../lib/gcc/arm-none-eabi/10.3.1/../../../../arm-none-eabi/lib/thumb/v7e-m+fp/hard\libc_nano.a(lib_a-init.o)
 .ARM.attributes
                0x000000000000037f       0x34 c:/st/stm32cubeide_1.10.1/stm32cubeide/plugins/com.st.stm32cube.ide.mcu.externaltools.gnu-tools-for-stm32.10.3-2021.10.win32_1.0.0.202111181127/tools/bin/../lib/gcc/arm-none-eabi/10.3.1/../../../../arm-none-eabi/lib/thumb/v7e-m+fp/hard\libc_nano.a(lib_a-memset.o)
 .ARM.attributes
                0x00000000000003b3       0x1e c:/st/stm32cubeide_1.10.1/stm32cubeide/plugins/com.st.stm32cube.ide.mcu.externaltools.gnu-tools-for-stm32.10.3-2021.10.win32_1.0.0.202111181127/tools/bin/../lib/gcc/arm-none-eabi/10.3.1/thumb/v7e-m+fp/hard\libgcc.a(_aeabi_uldivmod.o)
 .ARM.attributes
                0x00000000000003d1       0x34 c:/st/stm32cubeide_1.10.1/stm32cubeide/plugins/com.st.stm32cube.ide.mcu.externaltools.gnu-tools-for-stm32.10.3-2021.10.win32_1.0.0.202111181127/tools/bin/../lib/gcc/arm-none-eabi/10.3.1/thumb/v7e-m+fp/hard\libgcc.a(_udivmoddi4.o)
 .ARM.attributes
                0x0000000000000405       0x1e c:/st/stm32cubeide_1.10.1/stm32cubeide/plugins/com.st.stm32cube.ide.mcu.externaltools.gnu-tools-for-stm32.10.3-2021.10.win32_1.0.0.202111181127/tools/bin/../lib/gcc/arm-none-eabi/10.3.1/thumb/v7e-m+fp/hard\libgcc.a(_dvmd_tls.o)
 .ARM.attributes
                0x0000000000000423       0x1e c:/st/stm32cubeide_1.10.1/stm32cubeide/plugins/com.st.stm32cube.ide.mcu.externaltools.gnu-tools-for-stm32.10.3-2021.10.win32_1.0.0.202111181127/tools/bin/../lib/gcc/arm-none-eabi/10.3.1/thumb/v7e-m+fp/hard/crtn.o
OUTPUT(tft_display.elf elf32-littlearm)
LOAD linker stubs
LOAD c:/st/stm32cubeide_1.10.1/stm32cubeide/plugins/com.st.stm32cube.ide.mcu.externaltools.gnu-tools-for-stm32.10.3-2021.10.win32_1.0.0.202111181127/tools/bin/../lib/gcc/arm-none-eabi/10.3.1/../../../../arm-none-eabi/lib/thumb/v7e-m+fp/hard\libc.a
LOAD c:/st/stm32cubeide_1.10.1/stm32cubeide/plugins/com.st.stm32cube.ide.mcu.externaltools.gnu-tools-for-stm32.10.3-2021.10.win32_1.0.0.202111181127/tools/bin/../lib/gcc/arm-none-eabi/10.3.1/../../../../arm-none-eabi/lib/thumb/v7e-m+fp/hard\libm.a
LOAD c:/st/stm32cubeide_1.10.1/stm32cubeide/plugins/com.st.stm32cube.ide.mcu.externaltools.gnu-tools-for-stm32.10.3-2021.10.win32_1.0.0.202111181127/tools/bin/../lib/gcc/arm-none-eabi/10.3.1/thumb/v7e-m+fp/hard\libgcc.a

.comment        0x0000000000000000       0x50
 .comment       0x0000000000000000       0x50 ./Core/Src/ILI9341_GFX.o
                                         0x51 (size before relaxing)
 .comment       0x0000000000000050       0x51 ./Core/Src/ILI9341_STM32_Driver.o
 .comment       0x0000000000000050       0x51 ./Core/Src/fonts.o
 .comment       0x0000000000000050       0x51 ./Core/Src/main.o
 .comment       0x0000000000000050       0x51 ./Core/Src/stm32f4xx_hal_msp.o
 .comment       0x0000000000000050       0x51 ./Core/Src/stm32f4xx_it.o
 .comment       0x0000000000000050       0x51 ./Core/Src/system_stm32f4xx.o
 .comment       0x0000000000000050       0x51 ./Drivers/STM32F4xx_HAL_Driver/Src/stm32f4xx_hal.o
 .comment       0x0000000000000050       0x51 ./Drivers/STM32F4xx_HAL_Driver/Src/stm32f4xx_hal_cortex.o
 .comment       0x0000000000000050       0x51 ./Drivers/STM32F4xx_HAL_Driver/Src/stm32f4xx_hal_dma.o
 .comment       0x0000000000000050       0x51 ./Drivers/STM32F4xx_HAL_Driver/Src/stm32f4xx_hal_gpio.o
 .comment       0x0000000000000050       0x51 ./Drivers/STM32F4xx_HAL_Driver/Src/stm32f4xx_hal_rcc.o
 .comment       0x0000000000000050       0x51 ./Drivers/STM32F4xx_HAL_Driver/Src/stm32f4xx_hal_spi.o
 .comment       0x0000000000000050       0x51 ./Drivers/STM32F4xx_HAL_Driver/Src/stm32f4xx_hal_uart.o

.debug_frame    0x0000000000000000       0xac
 .debug_frame   0x0000000000000000       0x2c c:/st/stm32cubeide_1.10.1/stm32cubeide/plugins/com.st.stm32cube.ide.mcu.externaltools.gnu-tools-for-stm32.10.3-2021.10.win32_1.0.0.202111181127/tools/bin/../lib/gcc/arm-none-eabi/10.3.1/../../../../arm-none-eabi/lib/thumb/v7e-m+fp/hard\libc_nano.a(lib_a-init.o)
 .debug_frame   0x000000000000002c       0x20 c:/st/stm32cubeide_1.10.1/stm32cubeide/plugins/com.st.stm32cube.ide.mcu.externaltools.gnu-tools-for-stm32.10.3-2021.10.win32_1.0.0.202111181127/tools/bin/../lib/gcc/arm-none-eabi/10.3.1/../../../../arm-none-eabi/lib/thumb/v7e-m+fp/hard\libc_nano.a(lib_a-memset.o)
 .debug_frame   0x000000000000004c       0x2c c:/st/stm32cubeide_1.10.1/stm32cubeide/plugins/com.st.stm32cube.ide.mcu.externaltools.gnu-tools-for-stm32.10.3-2021.10.win32_1.0.0.202111181127/tools/bin/../lib/gcc/arm-none-eabi/10.3.1/thumb/v7e-m+fp/hard\libgcc.a(_aeabi_uldivmod.o)
 .debug_frame   0x0000000000000078       0x34 c:/st/stm32cubeide_1.10.1/stm32cubeide/plugins/com.st.stm32cube.ide.mcu.externaltools.gnu-tools-for-stm32.10.3-2021.10.win32_1.0.0.202111181127/tools/bin/../lib/gcc/arm-none-eabi/10.3.1/thumb/v7e-m+fp/hard\libgcc.a(_udivmoddi4.o)
