../Core/Src/ILI9341_STM32_Driver.c:22:13:ILI9341_SPI_Tx	16	static
../Core/Src/ILI9341_STM32_Driver.c:13:6:HAL_SPI_TxCpltCallback	0	static
../Core/Src/ILI9341_STM32_Driver.c:36:6:ILI9341_WriteCommand	8	static
../Core/Src/ILI9341_STM32_Driver.c:44:6:ILI9341_WriteData	8	static
../Core/Src/ILI9341_STM32_Driver.c:52:6:ILI9341_WriteBuffer	16	static
../Core/Src/ILI9341_STM32_Driver.c:60:6:ILI9341_SetAddress	24	static
../Core/Src/ILI9341_STM32_Driver.c:82:6:ILI9341_Reset	8	static
../Core/Src/ILI9341_STM32_Driver.c:92:6:ILI9341_Enable	0	static
../Core/Src/ILI9341_STM32_Driver.c:233:6:ILI9341_SetRotation	8	static
../Core/Src/ILI9341_STM32_Driver.c:97:6:ILI9341_Init	8	static
../Core/Src/ILI9341_STM32_Driver.c:265:6:ILI9341_DrawColor	16	static
../Core/Src/ILI9341_STM32_Driver.c:271:6:ILI9341_DrawColorBurst	40	dynamic
../Core/Src/ILI9341_STM32_Driver.c:312:6:ILI9341_FillScreen	16	static
../Core/Src/ILI9341_STM32_Driver.c:318:6:ILI9341_DrawPixel	24	static
../Core/Src/ILI9341_STM32_Driver.c:336:6:ILI9341_DrawRectangle	24	static
../Core/Src/ILI9341_STM32_Driver.c:354:6:ILI9341_DrawHLine	16	static
../Core/Src/ILI9341_STM32_Driver.c:367:6:ILI9341_DrawVLine	16	static
